gene!isoform	K	pvalue	mean_shift	adjusted_pvalue	significant	Ensemble_ID	Gene_Symbol	Gene_Name	Locus	Transcript_ID	Isoform_Function	Isoform_Length
ENSG00000164691!ENST00000338313.exon7_ENST00000338313.exon6_ENST00000338313.exon5_ENST00000338313.exon4_ENST00000338313.exon3_ENST00000338313.exon2_ENST00000338313.exon1_ENST00000338313.exon0	0.275170035444	5.93270409436e-07	0.31862170088	1.33485842123e-06	True	ENSG00000164691	TAGAP	T-cell activation RhoGTPase activating protein	6q25.3	ENST00000338313		
ENSG00000138722!ENST00000508372.exon0_ENST00000508372.exon1_ENST00000508372.exon2_ENST00000508372.exon3_ENST00000508372.exon4_ENST00000508372.exon5_ENST00000508372.exon6_ENST00000508372.exon7	0.248108056327	9.8646706168e-06	-0.101621621622	1.26831479359e-05	True	ENSG00000138722	MMRN1	multimerin 1	4q22	ENST00000508372		
ENSG00000110852!ENST00000538152.exon1_ENST00000538152.exon0	0.194510968484	0.00109465105162	0.111642857143	0.00123148243308	True	ENSG00000110852	CLEC2B	C-type lectin domain family 2 member B	12p13-p12	ENST00000538152		
ENSG00000003436!ENST00000417013.exon3_ENST00000417013.exon2_ENST00000417013.exon1_ENST00000417013.exon0	0.504310757735	2.37150832613e-22	0.328431372549	2.13435749352e-21	True	ENSG00000003436	TFPI	tissue factor pathway inhibitor	2q32	ENST00000417013		
ENSG00000146278!ENST00000336032.exon0_ENST00000336032.exon1	0.265686368426	1.64231069215e-06	-0.140249785592	2.82257452107e-06	True	ENSG00000146278	PNRC1	proline rich nuclear receptor coactivator 1	6q16.1	ENST00000336032		
ENSG00000138722!ENST00000394980.exon0_ENST00000394980.exon1_ENST00000394980.exon2_ENST00000394980.exon3_ENST00000394980.exon4_ENST00000394980.exon5_ENST00000394980.exon6_ENST00000394980.exon7_ENST00000394980.exon8	0.264393141105	1.88171634738e-06	0.186891891892	2.82257452107e-06	True	ENSG00000138722	MMRN1	multimerin 1	4q22	ENST00000394980		
ENSG00000003436!ENST00000426055.exon7_ENST00000426055.exon6_ENST00000426055.exon5_ENST00000426055.exon4_ENST00000426055.exon3_ENST00000426055.exon2_ENST00000426055.exon1_ENST00000426055.exon0	0.428010345819	3.2194174469e-16	-0.12487745098	1.44873785111e-15	True	ENSG00000003436	TFPI	tissue factor pathway inhibitor	2q32	ENST00000426055		
ENSG00000110852!ENST00000228438.exon4_ENST00000228438.exon3_ENST00000228438.exon2_ENST00000228438.exon1_ENST00000228438.exon0	0.161174441996	0.0115214611788	-0.111642857143	0.0115214611788	True	ENSG00000110852	CLEC2B	C-type lectin domain family 2 member B	12p13-p12	ENST00000228438		
ENSG00000120279!ENST00000529453.exon0_ENST00000529453.exon1	0.357697097423	1.86450445456e-11	0.103473684211	5.59351336367e-11	True	ENSG00000120279	MYCT1	myc target 1	6q25.1	ENST00000529453		
